[backblue.gif]
[fade.gif]
[index.html]
[cdnjs.cloudflare.com/ajax/libs/mathjax/2.7.5/latestdda6.js]
[publish.uwo.ca/_rmoir3/_sources/index.rst.txt]
[publish.uwo.ca/_rmoir3/index.html]
[publish.uwo.ca/_rmoir3/_static/contents.png]
[publish.uwo.ca/_rmoir3/_static/navigation.png]
[publish.uwo.ca/_rmoir3/_static/sphinxdoc.css]
[publish.uwo.ca/_rmoir3/_static/pygments.css]
[publish.uwo.ca/_rmoir3/_static/documentation_options.js]
[publish.uwo.ca/_rmoir3/_static/jquery.js]
[publish.uwo.ca/_rmoir3/_static/underscore.js]
[publish.uwo.ca/_rmoir3/_static/doctools.js]
[publish.uwo.ca/_rmoir3/_static/language_data.js]
[publish.uwo.ca/_rmoir3/search.html]
[publish.uwo.ca/_rmoir3/_sources/class1.rst.txt]
[publish.uwo.ca/_rmoir3/_images/Gospers_glider_gun.gif]
[publish.uwo.ca/_rmoir3/_images/histogram-BL-crop.png]
[publish.uwo.ca/_rmoir3/_images/parse.png]
[publish.uwo.ca/_rmoir3/class1.html]
[publish.uwo.ca/_rmoir3/_sources/class2.rst.txt]
[publish.uwo.ca/_rmoir3/_images/machine.jpg]
[publish.uwo.ca/_rmoir3/class2.html]
[publish.uwo.ca/_rmoir3/_sources/class3.rst.txt]
[publish.uwo.ca/_rmoir3/_images/Eniac.jpg]
[publish.uwo.ca/_rmoir3/class3.html]
[publish.uwo.ca/_rmoir3/_sources/class4.rst.txt]
[publish.uwo.ca/_rmoir3/_images/dolls.jpg]
[publish.uwo.ca/_rmoir3/class4.html]
[publish.uwo.ca/_rmoir3/_sources/class5.rst.txt]
[publish.uwo.ca/_rmoir3/class5.html]
[publish.uwo.ca/_rmoir3/_sources/class6.rst.txt]
[publish.uwo.ca/_rmoir3/class6.html]
[publish.uwo.ca/_rmoir3/_sources/class7.rst.txt]
[publish.uwo.ca/_rmoir3/class7.html]
[publish.uwo.ca/_rmoir3/_sources/class8.rst.txt]
[publish.uwo.ca/_rmoir3/class8.html]
[publish.uwo.ca/_rmoir3/_sources/class9.rst.txt]
[publish.uwo.ca/_rmoir3/class9.html]
[publish.uwo.ca/_rmoir3/_sources/class10.rst.txt]
[publish.uwo.ca/_rmoir3/_downloads/f3332c3195d26cdff44ede85fecf0f21/airports.csv]
[publish.uwo.ca/_rmoir3/_downloads/13c91219800b35e43fcdad784118b281/airports.zip]
[publish.uwo.ca/_rmoir3/class10.html]
[publish.uwo.ca/_rmoir3/_sources/class11.rst.txt]
[publish.uwo.ca/_rmoir3/_downloads/eeb3b308a841b1ac3e34fb8185afb709/sports_data.csv]
[publish.uwo.ca/_rmoir3/_downloads/30746e6beadb4ff895fb6f526e04d916/sports_data.zip]
[publish.uwo.ca/_rmoir3/_images/NHL-bar.png]
[publish.uwo.ca/_rmoir3/_downloads/259694e1b95d619f35af7fe50ee1b363/PlottingExample.py]
[publish.uwo.ca/_rmoir3/_images/2017_searches.png]
[publish.uwo.ca/_rmoir3/class11.html]
[publish.uwo.ca/_rmoir3/_sources/class12.rst.txt]
[publish.uwo.ca/_rmoir3/_images/you_are_here.jpg]
[publish.uwo.ca/_rmoir3/class12.html]
[publish.uwo.ca/_rmoir3/_sources/class13.rst.txt]
[publish.uwo.ca/_rmoir3/_downloads/7b3f4c8df3a2450a60158f076c369141/iris_learning.py]
[publish.uwo.ca/_rmoir3/_images/learningdata.png]
[publish.uwo.ca/_rmoir3/class13.html]
[publish.uwo.ca/_rmoir3/_sources/class14.rst.txt]
[publish.uwo.ca/_rmoir3/_images/kenobi.png]
[publish.uwo.ca/_rmoir3/class14.html]
[publish.uwo.ca/_rmoir3/_sources/class15.rst.txt]
[publish.uwo.ca/_rmoir3/_images/hands.jpg]
[publish.uwo.ca/_rmoir3/class15.html]
[publish.uwo.ca/_rmoir3/_sources/class16.rst.txt]
[publish.uwo.ca/_rmoir3/_downloads/768699d197cdd2ab66a8264dd0da1b36/WhatIsComputation.pdf]
[publish.uwo.ca/_rmoir3/class16.html]
[publish.uwo.ca/_rmoir3/_sources/asn1.rst.txt]
[publish.uwo.ca/_rmoir3/_downloads/aae2f372902212c024c794a3f879bb8f/A1_MarkingScheme.txt]
[publish.uwo.ca/_rmoir3/_images/london.jpg]
[publish.uwo.ca/_rmoir3/_downloads/7d5f8d2a1b7060cd02e9d4b13860c3c9/London_mean_etr_max_etr_min.csv]
[publish.uwo.ca/_rmoir3/_downloads/6f62c63cbaa442458afab54296f430ea/London_mean_etr_max_etr_min.zip]
[publish.uwo.ca/_rmoir3/_downloads/b7400623b6389cf57b86e647e60ab910/A1.py]
[publish.uwo.ca/_rmoir3/_downloads/a89c539b1dab746f6f572f53fd43bc3d/A1_check.py]
[publish.uwo.ca/_rmoir3/_images/A1_plot.png]
[publish.uwo.ca/_rmoir3/asn1.html]
[publish.uwo.ca/_rmoir3/_sources/asn2.rst.txt]
[publish.uwo.ca/_rmoir3/_downloads/72ceb4da023bd9e1eed8282a46264a3a/A2.py]
[publish.uwo.ca/_rmoir3/_downloads/5ea7c144699b17d5070356506f0b510c/A2_MarkingScheme.txt]
[publish.uwo.ca/_rmoir3/_downloads/cc1da243d8114899fa78eb4cb80c366c/A2_check.py]
[publish.uwo.ca/_rmoir3/_images/toronto.jpg]
[publish.uwo.ca/_rmoir3/_images/graph.png]
[publish.uwo.ca/_rmoir3/_images/hist.png]
[publish.uwo.ca/_rmoir3/asn2.html]
[publish.uwo.ca/_rmoir3/_sources/asn3.rst.txt]
[publish.uwo.ca/_rmoir3/_downloads/58a45f6b2bb788ae3c8ba556fbc2d01f/A3.py]
[publish.uwo.ca/_rmoir3/_downloads/2b858ec4cc84e26fd301fe36b7097cc0/data.zip]
[publish.uwo.ca/_rmoir3/_downloads/df76d5021f2917d31ab5ffc8be480ce0/A3_Sample_Output.pdf]
[publish.uwo.ca/_rmoir3/_downloads/48d44aafd598d725a777ca3072a459bd/A3_check.py]
[publish.uwo.ca/_rmoir3/_downloads/aa6b2426b6fe4cfaf925a3a64085074a/A3_MarkingScheme.txt]
[publish.uwo.ca/_rmoir3/_images/map_gander.png]
[publish.uwo.ca/_rmoir3/_images/temp_csv.png]
[publish.uwo.ca/_rmoir3/_images/station_csv.png]
[publish.uwo.ca/_rmoir3/_images/sample_map.png]
[publish.uwo.ca/_rmoir3/_images/file_relation.png]
[publish.uwo.ca/_rmoir3/asn3.html]
[publish.uwo.ca/_rmoir3/_sources/asn4.rst.txt]
[publish.uwo.ca/_rmoir3/_downloads/6d07dacf4fc0aace82e2c5d38a566dc8/IMDbStudents.py]
[ai.stanford.edu/_amaas/data/sentiment/aclImdb_v1.tar.gz]
[publish.uwo.ca/_rmoir3/_downloads/4273eb04673eca32e3dc92e86519d811/aclImdb.zip]
[publish.uwo.ca/_rmoir3/_downloads/8af8187326fb5ec26f49be608ab85d28/A4_RoughMarkingScheme.txt]
[publish.uwo.ca/_rmoir3/_images/ml2.jpg]
[publish.uwo.ca/_rmoir3/asn4.html]
[publish.uwo.ca/_rmoir3/_sources/problems.rst.txt]
[publish.uwo.ca/_rmoir3/problems.html]
[publish.uwo.ca/_rmoir3/_sources/outline.rst.txt]
[www.uwo.ca/univsec/pdf/academic_policies/appeals/scholastic_discipline_undergrad.pdf]
[www.uwo.ca/univsec/pdf/academic_policies/appeals/Academic_Consideration_for_absences.pdf]
[www.uwo.ca/univsec/pdf/academic_policies/appeals/Academic Accommodation_disabilities.pdf]
[www.uwo.ca/univsec/pdf/academic_policies/general/academic_counselling.pdf]
[www.uwo.ca/univsec/pdf/academic_policies/appeals/medicalform.pdf]
[www.uwo.ca/univsec/pdf/academic_policies/appeals/accommodation_medical.pdf]
[publish.uwo.ca/_rmoir3/_downloads/5104ca039b5d6882f59ad6cc5e41ddf5/CS2120A_2019.pdf]
[publish.uwo.ca/_rmoir3/outline.html]
[publish.uwo.ca/_rmoir3/_sources/gettingset.rst.txt]
[publish.uwo.ca/_rmoir3/_images/ipython.png]
[publish.uwo.ca/_rmoir3/_images/pythonanywhere1.png]
[publish.uwo.ca/_rmoir3/_images/pythonanywhere2.png]
[publish.uwo.ca/_rmoir3/gettingset.html]
[publish.uwo.ca/_rmoir3/_static/file.png]
[publish.uwo.ca/_rmoir3/_static/basic.css]
[publish.uwo.ca/_rmoir3/minus.html]
[publish.uwo.ca/_rmoir3/_static/searchtools.js]
[publish.uwo.ca/_rmoir3/searchindex.js]
[publish.uwo.ca/_rmoir3/index-2.html]
[publish.uwo.ca/_rmoir3/index/index.html]
